
========================================================================================
2024B 问题一：精确二项 + e-process 序贯检验 运行完成
========================================================================================

[固定样本精确二项边界：关键 n]
  n  accept_boundary  reject_boundary  accept_tail_prob_at_p0  reject_tail_prob_at_p0
 10              NaN              4.0                     NaN                0.012795
 20              NaN              5.0                     NaN                0.043174
 22              0.0              6.0                0.098477                0.018216
 40              1.0              8.0                0.080474                0.041902
 60              2.0             11.0                0.053045                0.034209
 80              4.0             14.0                0.087971                0.026749
100              5.0             16.0                0.057577                0.039891
160             10.0             23.0                0.067034                0.048719
200             14.0             28.0                0.092946                0.043428

[主序贯模型边界：关键 n]
  n  accept_boundary  reject_boundary  accept_boundary_rate  reject_boundary_rate
 20              NaN              7.0                   NaN              0.350000
 34              0.0             10.0               0.00000              0.294118
 40              0.0             11.0               0.00000              0.275000
 50              0.0             13.0               0.00000              0.260000
 80              2.0             18.0               0.02500              0.225000
100              3.0             21.0               0.03000              0.210000
160              7.0             30.0               0.04375              0.187500
200             10.0             36.0               0.05000              0.180000
500             33.0             75.0               0.06600              0.150000

[动态概率递推：代表性真实 p]
 true_p   accept_prob  reject_prob  unresolved_prob  expected_tau_if_converged  truncated_expected_n  horizon  converged
   0.05    0.99639578 0.0036041361    8.7994197e-08                  161.29735             161.29749     1591       True
   0.08    0.98759449  0.012405412    9.8620362e-08                   1292.225             1292.2263    13403       True
    0.1   0.092908899  0.029855093       0.87723601                        NaN             17627.836    20000      False
   0.12   0.021583269   0.97841663    9.9910021e-08                  2846.4371             2846.4391    19969       True
    0.2 0.00054434166   0.99945556    9.9265274e-08                  103.36784             103.36794      930       True

全部 CSV/检验报告已输出到：H:\2026暑期数学建模训练\第二次训练\2024B\求解代码\第一问\结果输出
